components/sections/AIMotionSection.tsx(7,39): error TS2307: Cannot find module './ConnectedPointsBackground' or its corresponding type declarations.
components/sections/Features.tsx(6,37): error TS2307: Cannot find module './EnergyCircuitBackground' or its corresponding type declarations.
components/sections/PvPArena.tsx(6,33): error TS2307: Cannot find module './PvPBattleBackground' or its corresponding type declarations.
